
	 Your receipt : 
******************************************************************
	 1   chicken_rice                       7.99     2
	 2   nasi_lemak                         9.99     3
	 8   kaya_bread                         2.99     1

******************************************************************
	 Your total amount due is      :       48.94


You paid by : Cash
