
	 Your receipt : 
	 2   unicorn_elixir                    10.00     1
	 3   souffle_pancakes                  20.50     2
	 Your total amount due is      :       51.00


You paid by : Credit/Debit Card
